  Determining projects to restore...
  All projects are up-to-date for restore.
D:\C#.net_CORE\Project_BD - NT\Migrations\20260220042420_e-learn.cs(9,26): warning CS8981: The type name 'elearn' only contains lower-cased ascii characters. Such names may become reserved for the language. [D:\C#.net_CORE\Project_BD - NT\Project_BD.csproj]
D:\C#.net_CORE\Project_BD - NT\Migrations\20260220042420_e-learn.Designer.cs(16,19): warning CS8981: The type name 'elearn' only contains lower-cased ascii characters. Such names may become reserved for the language. [D:\C#.net_CORE\Project_BD - NT\Project_BD.csproj]
D:\C#.net_CORE\Project_BD - NT\Views\Users\Login.cshtml(6,16): error CS1012: Too many characters in character literal [D:\C#.net_CORE\Project_BD - NT\Project_BD.csproj]
D:\C#.net_CORE\Project_BD - NT\Models\User.cs(12,23): warning CS8618: Non-nullable property 'Name' must contain a non-null value when exiting constructor. Consider adding the 'required' modifier or declaring the property as nullable. [D:\C#.net_CORE\Project_BD - NT\Project_BD.csproj]
D:\C#.net_CORE\Project_BD - NT\Models\User.cs(16,23): warning CS8618: Non-nullable property 'Email' must contain a non-null value when exiting constructor. Consider adding the 'required' modifier or declaring the property as nullable. [D:\C#.net_CORE\Project_BD - NT\Project_BD.csproj]
D:\C#.net_CORE\Project_BD - NT\Models\User.cs(20,23): warning CS8618: Non-nullable property 'Password' must contain a non-null value when exiting constructor. Consider adding the 'required' modifier or declaring the property as nullable. [D:\C#.net_CORE\Project_BD - NT\Project_BD.csproj]
D:\C#.net_CORE\Project_BD - NT\Models\User.cs(23,23): warning CS8618: Non-nullable property 'Role' must contain a non-null value when exiting constructor. Consider adding the 'required' modifier or declaring the property as nullable. [D:\C#.net_CORE\Project_BD - NT\Project_BD.csproj]
D:\C#.net_CORE\Project_BD - NT\Models\Student.cs(10,23): warning CS8618: Non-nullable property 'Student_name' must contain a non-null value when exiting constructor. Consider adding the 'required' modifier or declaring the property as nullable. [D:\C#.net_CORE\Project_BD - NT\Project_BD.csproj]
D:\C#.net_CORE\Project_BD - NT\Models\Student.cs(14,23): warning CS8618: Non-nullable property 'Gender' must contain a non-null value when exiting constructor. Consider adding the 'required' modifier or declaring the property as nullable. [D:\C#.net_CORE\Project_BD - NT\Project_BD.csproj]
D:\C#.net_CORE\Project_BD - NT\Models\Review.cs(16,23): warning CS8618: Non-nullable property 'Comment' must contain a non-null value when exiting constructor. Consider adding the 'required' modifier or declaring the property as nullable. [D:\C#.net_CORE\Project_BD - NT\Project_BD.csproj]
D:\C#.net_CORE\Project_BD - NT\Models\Question.cs(12,23): warning CS8618: Non-nullable property 'QuestionText' must contain a non-null value when exiting constructor. Consider adding the 'required' modifier or declaring the property as nullable. [D:\C#.net_CORE\Project_BD - NT\Project_BD.csproj]
D:\C#.net_CORE\Project_BD - NT\Models\Option.cs(12,23): warning CS8618: Non-nullable property 'OptionText' must contain a non-null value when exiting constructor. Consider adding the 'required' modifier or declaring the property as nullable. [D:\C#.net_CORE\Project_BD - NT\Project_BD.csproj]
D:\C#.net_CORE\Project_BD - NT\Models\Module.cs(13,23): warning CS8618: Non-nullable property 'ModuleTitle' must contain a non-null value when exiting constructor. Consider adding the 'required' modifier or declaring the property as nullable. [D:\C#.net_CORE\Project_BD - NT\Project_BD.csproj]
D:\C#.net_CORE\Project_BD - NT\Models\Lesson.cs(13,23): warning CS8618: Non-nullable property 'LessonTitle' must contain a non-null value when exiting constructor. Consider adding the 'required' modifier or declaring the property as nullable. [D:\C#.net_CORE\Project_BD - NT\Project_BD.csproj]
D:\C#.net_CORE\Project_BD - NT\Models\Lesson.cs(16,23): warning CS8618: Non-nullable property 'VideoUrl' must contain a non-null value when exiting constructor. Consider adding the 'required' modifier or declaring the property as nullable. [D:\C#.net_CORE\Project_BD - NT\Project_BD.csproj]
D:\C#.net_CORE\Project_BD - NT\Models\Lesson.cs(19,23): warning CS8618: Non-nullable property 'Content' must contain a non-null value when exiting constructor. Consider adding the 'required' modifier or declaring the property as nullable. [D:\C#.net_CORE\Project_BD - NT\Project_BD.csproj]
D:\C#.net_CORE\Project_BD - NT\Models\Course.cs(14,23): warning CS8618: Non-nullable property 'Title' must contain a non-null value when exiting constructor. Consider adding the 'required' modifier or declaring the property as nullable. [D:\C#.net_CORE\Project_BD - NT\Project_BD.csproj]
D:\C#.net_CORE\Project_BD - NT\Models\Course.cs(17,23): warning CS8618: Non-nullable property 'Description' must contain a non-null value when exiting constructor. Consider adding the 'required' modifier or declaring the property as nullable. [D:\C#.net_CORE\Project_BD - NT\Project_BD.csproj]
D:\C#.net_CORE\Project_BD - NT\Controllers\CourseController.cs(31,32): warning CS8620: Argument of type 'IIncludableQueryable<Course, ICollection<Module>?>' cannot be used for parameter 'source' of type 'IIncludableQueryable<Course, IEnumerable<Module>>' in 'IIncludableQueryable<Course, ICollection<Lesson>?> EntityFrameworkQueryableExtensions.ThenInclude<Course, Module, ICollection<Lesson>?>(IIncludableQueryable<Course, IEnumerable<Module>> source, Expression<Func<Module, ICollection<Lesson>?>> navigationPropertyPath)' due to differences in the nullability of reference types. [D:\C#.net_CORE\Project_BD - NT\Project_BD.csproj]
D:\C#.net_CORE\Project_BD - NT\Views\Users\Login.cshtml(6,6): error CS0103: The name 'importurl' does not exist in the current context [D:\C#.net_CORE\Project_BD - NT\Project_BD.csproj]
D:\C#.net_CORE\Project_BD - NT\Controllers\CourseController.cs(92,39): warning CS8602: Dereference of a possibly null reference. [D:\C#.net_CORE\Project_BD - NT\Project_BD.csproj]
D:\C#.net_CORE\Project_BD - NT\Views\Quiz\TakeQuiz.cshtml(101,39): warning CS8602: Dereference of a possibly null reference. [D:\C#.net_CORE\Project_BD - NT\Project_BD.csproj]
D:\C#.net_CORE\Project_BD - NT\Views\Quiz\TakeQuiz.cshtml(106,45): warning CS8602: Dereference of a possibly null reference. [D:\C#.net_CORE\Project_BD - NT\Project_BD.csproj]

Build FAILED.

D:\C#.net_CORE\Project_BD - NT\Migrations\20260220042420_e-learn.cs(9,26): warning CS8981: The type name 'elearn' only contains lower-cased ascii characters. Such names may become reserved for the language. [D:\C#.net_CORE\Project_BD - NT\Project_BD.csproj]
D:\C#.net_CORE\Project_BD - NT\Migrations\20260220042420_e-learn.Designer.cs(16,19): warning CS8981: The type name 'elearn' only contains lower-cased ascii characters. Such names may become reserved for the language. [D:\C#.net_CORE\Project_BD - NT\Project_BD.csproj]
D:\C#.net_CORE\Project_BD - NT\Models\User.cs(12,23): warning CS8618: Non-nullable property 'Name' must contain a non-null value when exiting constructor. Consider adding the 'required' modifier or declaring the property as nullable. [D:\C#.net_CORE\Project_BD - NT\Project_BD.csproj]
D:\C#.net_CORE\Project_BD - NT\Models\User.cs(16,23): warning CS8618: Non-nullable property 'Email' must contain a non-null value when exiting constructor. Consider adding the 'required' modifier or declaring the property as nullable. [D:\C#.net_CORE\Project_BD - NT\Project_BD.csproj]
D:\C#.net_CORE\Project_BD - NT\Models\User.cs(20,23): warning CS8618: Non-nullable property 'Password' must contain a non-null value when exiting constructor. Consider adding the 'required' modifier or declaring the property as nullable. [D:\C#.net_CORE\Project_BD - NT\Project_BD.csproj]
D:\C#.net_CORE\Project_BD - NT\Models\User.cs(23,23): warning CS8618: Non-nullable property 'Role' must contain a non-null value when exiting constructor. Consider adding the 'required' modifier or declaring the property as nullable. [D:\C#.net_CORE\Project_BD - NT\Project_BD.csproj]
D:\C#.net_CORE\Project_BD - NT\Models\Student.cs(10,23): warning CS8618: Non-nullable property 'Student_name' must contain a non-null value when exiting constructor. Consider adding the 'required' modifier or declaring the property as nullable. [D:\C#.net_CORE\Project_BD - NT\Project_BD.csproj]
D:\C#.net_CORE\Project_BD - NT\Models\Student.cs(14,23): warning CS8618: Non-nullable property 'Gender' must contain a non-null value when exiting constructor. Consider adding the 'required' modifier or declaring the property as nullable. [D:\C#.net_CORE\Project_BD - NT\Project_BD.csproj]
D:\C#.net_CORE\Project_BD - NT\Models\Review.cs(16,23): warning CS8618: Non-nullable property 'Comment' must contain a non-null value when exiting constructor. Consider adding the 'required' modifier or declaring the property as nullable. [D:\C#.net_CORE\Project_BD - NT\Project_BD.csproj]
D:\C#.net_CORE\Project_BD - NT\Models\Question.cs(12,23): warning CS8618: Non-nullable property 'QuestionText' must contain a non-null value when exiting constructor. Consider adding the 'required' modifier or declaring the property as nullable. [D:\C#.net_CORE\Project_BD - NT\Project_BD.csproj]
D:\C#.net_CORE\Project_BD - NT\Models\Option.cs(12,23): warning CS8618: Non-nullable property 'OptionText' must contain a non-null value when exiting constructor. Consider adding the 'required' modifier or declaring the property as nullable. [D:\C#.net_CORE\Project_BD - NT\Project_BD.csproj]
D:\C#.net_CORE\Project_BD - NT\Models\Module.cs(13,23): warning CS8618: Non-nullable property 'ModuleTitle' must contain a non-null value when exiting constructor. Consider adding the 'required' modifier or declaring the property as nullable. [D:\C#.net_CORE\Project_BD - NT\Project_BD.csproj]
D:\C#.net_CORE\Project_BD - NT\Models\Lesson.cs(13,23): warning CS8618: Non-nullable property 'LessonTitle' must contain a non-null value when exiting constructor. Consider adding the 'required' modifier or declaring the property as nullable. [D:\C#.net_CORE\Project_BD - NT\Project_BD.csproj]
D:\C#.net_CORE\Project_BD - NT\Models\Lesson.cs(16,23): warning CS8618: Non-nullable property 'VideoUrl' must contain a non-null value when exiting constructor. Consider adding the 'required' modifier or declaring the property as nullable. [D:\C#.net_CORE\Project_BD - NT\Project_BD.csproj]
D:\C#.net_CORE\Project_BD - NT\Models\Lesson.cs(19,23): warning CS8618: Non-nullable property 'Content' must contain a non-null value when exiting constructor. Consider adding the 'required' modifier or declaring the property as nullable. [D:\C#.net_CORE\Project_BD - NT\Project_BD.csproj]
D:\C#.net_CORE\Project_BD - NT\Models\Course.cs(14,23): warning CS8618: Non-nullable property 'Title' must contain a non-null value when exiting constructor. Consider adding the 'required' modifier or declaring the property as nullable. [D:\C#.net_CORE\Project_BD - NT\Project_BD.csproj]
D:\C#.net_CORE\Project_BD - NT\Models\Course.cs(17,23): warning CS8618: Non-nullable property 'Description' must contain a non-null value when exiting constructor. Consider adding the 'required' modifier or declaring the property as nullable. [D:\C#.net_CORE\Project_BD - NT\Project_BD.csproj]
D:\C#.net_CORE\Project_BD - NT\Controllers\CourseController.cs(31,32): warning CS8620: Argument of type 'IIncludableQueryable<Course, ICollection<Module>?>' cannot be used for parameter 'source' of type 'IIncludableQueryable<Course, IEnumerable<Module>>' in 'IIncludableQueryable<Course, ICollection<Lesson>?> EntityFrameworkQueryableExtensions.ThenInclude<Course, Module, ICollection<Lesson>?>(IIncludableQueryable<Course, IEnumerable<Module>> source, Expression<Func<Module, ICollection<Lesson>?>> navigationPropertyPath)' due to differences in the nullability of reference types. [D:\C#.net_CORE\Project_BD - NT\Project_BD.csproj]
D:\C#.net_CORE\Project_BD - NT\Controllers\CourseController.cs(92,39): warning CS8602: Dereference of a possibly null reference. [D:\C#.net_CORE\Project_BD - NT\Project_BD.csproj]
D:\C#.net_CORE\Project_BD - NT\Views\Quiz\TakeQuiz.cshtml(101,39): warning CS8602: Dereference of a possibly null reference. [D:\C#.net_CORE\Project_BD - NT\Project_BD.csproj]
D:\C#.net_CORE\Project_BD - NT\Views\Quiz\TakeQuiz.cshtml(106,45): warning CS8602: Dereference of a possibly null reference. [D:\C#.net_CORE\Project_BD - NT\Project_BD.csproj]
D:\C#.net_CORE\Project_BD - NT\Views\Users\Login.cshtml(6,16): error CS1012: Too many characters in character literal [D:\C#.net_CORE\Project_BD - NT\Project_BD.csproj]
D:\C#.net_CORE\Project_BD - NT\Views\Users\Login.cshtml(6,6): error CS0103: The name 'importurl' does not exist in the current context [D:\C#.net_CORE\Project_BD - NT\Project_BD.csproj]
    21 Warning(s)
    2 Error(s)

Time Elapsed 00:00:02.50
