  Determining projects to restore...
  All projects are up-to-date for restore.
C:\Program Files\dotnet\sdk\10.0.102\Microsoft.Common.CurrentVersion.targets(5381,5): warning MSB3026: Could not copy "D:\C#.net_CORE\Project_BD - NT\obj\Debug\net8.0\apphost.exe" to "bin\Debug\net8.0\Project_BD.exe". Beginning retry 1 in 1000ms. The process cannot access the file 'D:\C#.net_CORE\Project_BD - NT\bin\Debug\net8.0\Project_BD.exe' because it is being used by another process. The file is locked by: "Project_BD (25460)" [D:\C#.net_CORE\Project_BD - NT\Project_BD.csproj]
C:\Program Files\dotnet\sdk\10.0.102\Microsoft.Common.CurrentVersion.targets(5381,5): warning MSB3026: Could not copy "D:\C#.net_CORE\Project_BD - NT\obj\Debug\net8.0\apphost.exe" to "bin\Debug\net8.0\Project_BD.exe". Beginning retry 2 in 1000ms. The process cannot access the file 'D:\C#.net_CORE\Project_BD - NT\bin\Debug\net8.0\Project_BD.exe' because it is being used by another process. The file is locked by: "Project_BD (25460)" [D:\C#.net_CORE\Project_BD - NT\Project_BD.csproj]
C:\Program Files\dotnet\sdk\10.0.102\Microsoft.Common.CurrentVersion.targets(5381,5): warning MSB3026: Could not copy "D:\C#.net_CORE\Project_BD - NT\obj\Debug\net8.0\apphost.exe" to "bin\Debug\net8.0\Project_BD.exe". Beginning retry 3 in 1000ms. The process cannot access the file 'D:\C#.net_CORE\Project_BD - NT\bin\Debug\net8.0\Project_BD.exe' because it is being used by another process. The file is locked by: "Project_BD (25460)" [D:\C#.net_CORE\Project_BD - NT\Project_BD.csproj]
C:\Program Files\dotnet\sdk\10.0.102\Microsoft.Common.CurrentVersion.targets(5381,5): warning MSB3026: Could not copy "D:\C#.net_CORE\Project_BD - NT\obj\Debug\net8.0\apphost.exe" to "bin\Debug\net8.0\Project_BD.exe". Beginning retry 4 in 1000ms. The process cannot access the file 'D:\C#.net_CORE\Project_BD - NT\bin\Debug\net8.0\Project_BD.exe' because it is being used by another process. The file is locked by: "Project_BD (25460)" [D:\C#.net_CORE\Project_BD - NT\Project_BD.csproj]
C:\Program Files\dotnet\sdk\10.0.102\Microsoft.Common.CurrentVersion.targets(5381,5): warning MSB3026: Could not copy "D:\C#.net_CORE\Project_BD - NT\obj\Debug\net8.0\apphost.exe" to "bin\Debug\net8.0\Project_BD.exe". Beginning retry 5 in 1000ms. The process cannot access the file 'D:\C#.net_CORE\Project_BD - NT\bin\Debug\net8.0\Project_BD.exe' because it is being used by another process. The file is locked by: "Project_BD (25460)" [D:\C#.net_CORE\Project_BD - NT\Project_BD.csproj]
C:\Program Files\dotnet\sdk\10.0.102\Microsoft.Common.CurrentVersion.targets(5381,5): warning MSB3026: Could not copy "D:\C#.net_CORE\Project_BD - NT\obj\Debug\net8.0\apphost.exe" to "bin\Debug\net8.0\Project_BD.exe". Beginning retry 6 in 1000ms. The process cannot access the file 'D:\C#.net_CORE\Project_BD - NT\bin\Debug\net8.0\Project_BD.exe' because it is being used by another process. The file is locked by: "Project_BD (25460)" [D:\C#.net_CORE\Project_BD - NT\Project_BD.csproj]
C:\Program Files\dotnet\sdk\10.0.102\Microsoft.Common.CurrentVersion.targets(5381,5): warning MSB3026: Could not copy "D:\C#.net_CORE\Project_BD - NT\obj\Debug\net8.0\apphost.exe" to "bin\Debug\net8.0\Project_BD.exe". Beginning retry 7 in 1000ms. The process cannot access the file 'D:\C#.net_CORE\Project_BD - NT\bin\Debug\net8.0\Project_BD.exe' because it is being used by another process. The file is locked by: "Project_BD (25460)" [D:\C#.net_CORE\Project_BD - NT\Project_BD.csproj]
C:\Program Files\dotnet\sdk\10.0.102\Microsoft.Common.CurrentVersion.targets(5381,5): warning MSB3026: Could not copy "D:\C#.net_CORE\Project_BD - NT\obj\Debug\net8.0\apphost.exe" to "bin\Debug\net8.0\Project_BD.exe". Beginning retry 8 in 1000ms. The process cannot access the file 'D:\C#.net_CORE\Project_BD - NT\bin\Debug\net8.0\Project_BD.exe' because it is being used by another process. The file is locked by: "Project_BD (25460)" [D:\C#.net_CORE\Project_BD - NT\Project_BD.csproj]
C:\Program Files\dotnet\sdk\10.0.102\Microsoft.Common.CurrentVersion.targets(5381,5): warning MSB3026: Could not copy "D:\C#.net_CORE\Project_BD - NT\obj\Debug\net8.0\apphost.exe" to "bin\Debug\net8.0\Project_BD.exe". Beginning retry 9 in 1000ms. The process cannot access the file 'D:\C#.net_CORE\Project_BD - NT\bin\Debug\net8.0\Project_BD.exe' because it is being used by another process. The file is locked by: "Project_BD (25460)" [D:\C#.net_CORE\Project_BD - NT\Project_BD.csproj]
C:\Program Files\dotnet\sdk\10.0.102\Microsoft.Common.CurrentVersion.targets(5381,5): warning MSB3026: Could not copy "D:\C#.net_CORE\Project_BD - NT\obj\Debug\net8.0\apphost.exe" to "bin\Debug\net8.0\Project_BD.exe". Beginning retry 10 in 1000ms. The process cannot access the file 'D:\C#.net_CORE\Project_BD - NT\bin\Debug\net8.0\Project_BD.exe' because it is being used by another process. The file is locked by: "Project_BD (25460)" [D:\C#.net_CORE\Project_BD - NT\Project_BD.csproj]
C:\Program Files\dotnet\sdk\10.0.102\Microsoft.Common.CurrentVersion.targets(5381,5): error MSB3027: Could not copy "D:\C#.net_CORE\Project_BD - NT\obj\Debug\net8.0\apphost.exe" to "bin\Debug\net8.0\Project_BD.exe". Exceeded retry count of 10. Failed. The file is locked by: "Project_BD (25460)" [D:\C#.net_CORE\Project_BD - NT\Project_BD.csproj]
C:\Program Files\dotnet\sdk\10.0.102\Microsoft.Common.CurrentVersion.targets(5381,5): error MSB3021: Unable to copy file "D:\C#.net_CORE\Project_BD - NT\obj\Debug\net8.0\apphost.exe" to "bin\Debug\net8.0\Project_BD.exe". The process cannot access the file 'D:\C#.net_CORE\Project_BD - NT\bin\Debug\net8.0\Project_BD.exe' because it is being used by another process. [D:\C#.net_CORE\Project_BD - NT\Project_BD.csproj]

Build FAILED.

C:\Program Files\dotnet\sdk\10.0.102\Microsoft.Common.CurrentVersion.targets(5381,5): warning MSB3026: Could not copy "D:\C#.net_CORE\Project_BD - NT\obj\Debug\net8.0\apphost.exe" to "bin\Debug\net8.0\Project_BD.exe". Beginning retry 1 in 1000ms. The process cannot access the file 'D:\C#.net_CORE\Project_BD - NT\bin\Debug\net8.0\Project_BD.exe' because it is being used by another process. The file is locked by: "Project_BD (25460)" [D:\C#.net_CORE\Project_BD - NT\Project_BD.csproj]
C:\Program Files\dotnet\sdk\10.0.102\Microsoft.Common.CurrentVersion.targets(5381,5): warning MSB3026: Could not copy "D:\C#.net_CORE\Project_BD - NT\obj\Debug\net8.0\apphost.exe" to "bin\Debug\net8.0\Project_BD.exe". Beginning retry 2 in 1000ms. The process cannot access the file 'D:\C#.net_CORE\Project_BD - NT\bin\Debug\net8.0\Project_BD.exe' because it is being used by another process. The file is locked by: "Project_BD (25460)" [D:\C#.net_CORE\Project_BD - NT\Project_BD.csproj]
C:\Program Files\dotnet\sdk\10.0.102\Microsoft.Common.CurrentVersion.targets(5381,5): warning MSB3026: Could not copy "D:\C#.net_CORE\Project_BD - NT\obj\Debug\net8.0\apphost.exe" to "bin\Debug\net8.0\Project_BD.exe". Beginning retry 3 in 1000ms. The process cannot access the file 'D:\C#.net_CORE\Project_BD - NT\bin\Debug\net8.0\Project_BD.exe' because it is being used by another process. The file is locked by: "Project_BD (25460)" [D:\C#.net_CORE\Project_BD - NT\Project_BD.csproj]
C:\Program Files\dotnet\sdk\10.0.102\Microsoft.Common.CurrentVersion.targets(5381,5): warning MSB3026: Could not copy "D:\C#.net_CORE\Project_BD - NT\obj\Debug\net8.0\apphost.exe" to "bin\Debug\net8.0\Project_BD.exe". Beginning retry 4 in 1000ms. The process cannot access the file 'D:\C#.net_CORE\Project_BD - NT\bin\Debug\net8.0\Project_BD.exe' because it is being used by another process. The file is locked by: "Project_BD (25460)" [D:\C#.net_CORE\Project_BD - NT\Project_BD.csproj]
C:\Program Files\dotnet\sdk\10.0.102\Microsoft.Common.CurrentVersion.targets(5381,5): warning MSB3026: Could not copy "D:\C#.net_CORE\Project_BD - NT\obj\Debug\net8.0\apphost.exe" to "bin\Debug\net8.0\Project_BD.exe". Beginning retry 5 in 1000ms. The process cannot access the file 'D:\C#.net_CORE\Project_BD - NT\bin\Debug\net8.0\Project_BD.exe' because it is being used by another process. The file is locked by: "Project_BD (25460)" [D:\C#.net_CORE\Project_BD - NT\Project_BD.csproj]
C:\Program Files\dotnet\sdk\10.0.102\Microsoft.Common.CurrentVersion.targets(5381,5): warning MSB3026: Could not copy "D:\C#.net_CORE\Project_BD - NT\obj\Debug\net8.0\apphost.exe" to "bin\Debug\net8.0\Project_BD.exe". Beginning retry 6 in 1000ms. The process cannot access the file 'D:\C#.net_CORE\Project_BD - NT\bin\Debug\net8.0\Project_BD.exe' because it is being used by another process. The file is locked by: "Project_BD (25460)" [D:\C#.net_CORE\Project_BD - NT\Project_BD.csproj]
C:\Program Files\dotnet\sdk\10.0.102\Microsoft.Common.CurrentVersion.targets(5381,5): warning MSB3026: Could not copy "D:\C#.net_CORE\Project_BD - NT\obj\Debug\net8.0\apphost.exe" to "bin\Debug\net8.0\Project_BD.exe". Beginning retry 7 in 1000ms. The process cannot access the file 'D:\C#.net_CORE\Project_BD - NT\bin\Debug\net8.0\Project_BD.exe' because it is being used by another process. The file is locked by: "Project_BD (25460)" [D:\C#.net_CORE\Project_BD - NT\Project_BD.csproj]
C:\Program Files\dotnet\sdk\10.0.102\Microsoft.Common.CurrentVersion.targets(5381,5): warning MSB3026: Could not copy "D:\C#.net_CORE\Project_BD - NT\obj\Debug\net8.0\apphost.exe" to "bin\Debug\net8.0\Project_BD.exe". Beginning retry 8 in 1000ms. The process cannot access the file 'D:\C#.net_CORE\Project_BD - NT\bin\Debug\net8.0\Project_BD.exe' because it is being used by another process. The file is locked by: "Project_BD (25460)" [D:\C#.net_CORE\Project_BD - NT\Project_BD.csproj]
C:\Program Files\dotnet\sdk\10.0.102\Microsoft.Common.CurrentVersion.targets(5381,5): warning MSB3026: Could not copy "D:\C#.net_CORE\Project_BD - NT\obj\Debug\net8.0\apphost.exe" to "bin\Debug\net8.0\Project_BD.exe". Beginning retry 9 in 1000ms. The process cannot access the file 'D:\C#.net_CORE\Project_BD - NT\bin\Debug\net8.0\Project_BD.exe' because it is being used by another process. The file is locked by: "Project_BD (25460)" [D:\C#.net_CORE\Project_BD - NT\Project_BD.csproj]
C:\Program Files\dotnet\sdk\10.0.102\Microsoft.Common.CurrentVersion.targets(5381,5): warning MSB3026: Could not copy "D:\C#.net_CORE\Project_BD - NT\obj\Debug\net8.0\apphost.exe" to "bin\Debug\net8.0\Project_BD.exe". Beginning retry 10 in 1000ms. The process cannot access the file 'D:\C#.net_CORE\Project_BD - NT\bin\Debug\net8.0\Project_BD.exe' because it is being used by another process. The file is locked by: "Project_BD (25460)" [D:\C#.net_CORE\Project_BD - NT\Project_BD.csproj]
C:\Program Files\dotnet\sdk\10.0.102\Microsoft.Common.CurrentVersion.targets(5381,5): error MSB3027: Could not copy "D:\C#.net_CORE\Project_BD - NT\obj\Debug\net8.0\apphost.exe" to "bin\Debug\net8.0\Project_BD.exe". Exceeded retry count of 10. Failed. The file is locked by: "Project_BD (25460)" [D:\C#.net_CORE\Project_BD - NT\Project_BD.csproj]
C:\Program Files\dotnet\sdk\10.0.102\Microsoft.Common.CurrentVersion.targets(5381,5): error MSB3021: Unable to copy file "D:\C#.net_CORE\Project_BD - NT\obj\Debug\net8.0\apphost.exe" to "bin\Debug\net8.0\Project_BD.exe". The process cannot access the file 'D:\C#.net_CORE\Project_BD - NT\bin\Debug\net8.0\Project_BD.exe' because it is being used by another process. [D:\C#.net_CORE\Project_BD - NT\Project_BD.csproj]
    10 Warning(s)
    2 Error(s)

Time Elapsed 00:00:12.68
